Archive member included to satisfy reference by file (symbol)

/tools/stm32cubeide_1.10.1/plugins/com.st.stm32cube.ide.mcu.externaltools.gnu-tools-for-stm32.10.3-2021.10.linux64_1.0.0.202111181127/tools/bin/../lib/gcc/arm-none-eabi/10.3.1/../../../../arm-none-eabi/lib/thumb/v7-m/nofp/libc_nano.a(lib_a-errno.o)
                              ./Core/Src/syscalls.o (__errno)
/tools/stm32cubeide_1.10.1/plugins/com.st.stm32cube.ide.mcu.externaltools.gnu-tools-for-stm32.10.3-2021.10.linux64_1.0.0.202111181127/tools/bin/../lib/gcc/arm-none-eabi/10.3.1/../../../../arm-none-eabi/lib/thumb/v7-m/nofp/libc_nano.a(lib_a-exit.o)
                              /tools/stm32cubeide_1.10.1/plugins/com.st.stm32cube.ide.mcu.externaltools.gnu-tools-for-stm32.10.3-2021.10.linux64_1.0.0.202111181127/tools/bin/../lib/gcc/arm-none-eabi/10.3.1/../../../../arm-none-eabi/lib/thumb/v7-m/nofp/crt0.o (exit)
/tools/stm32cubeide_1.10.1/plugins/com.st.stm32cube.ide.mcu.externaltools.gnu-tools-for-stm32.10.3-2021.10.linux64_1.0.0.202111181127/tools/bin/../lib/gcc/arm-none-eabi/10.3.1/../../../../arm-none-eabi/lib/thumb/v7-m/nofp/libc_nano.a(lib_a-impure.o)
                              /tools/stm32cubeide_1.10.1/plugins/com.st.stm32cube.ide.mcu.externaltools.gnu-tools-for-stm32.10.3-2021.10.linux64_1.0.0.202111181127/tools/bin/../lib/gcc/arm-none-eabi/10.3.1/../../../../arm-none-eabi/lib/thumb/v7-m/nofp/libc_nano.a(lib_a-exit.o) (_global_impure_ptr)
/tools/stm32cubeide_1.10.1/plugins/com.st.stm32cube.ide.mcu.externaltools.gnu-tools-for-stm32.10.3-2021.10.linux64_1.0.0.202111181127/tools/bin/../lib/gcc/arm-none-eabi/10.3.1/../../../../arm-none-eabi/lib/thumb/v7-m/nofp/libc_nano.a(lib_a-init.o)
                              /tools/stm32cubeide_1.10.1/plugins/com.st.stm32cube.ide.mcu.externaltools.gnu-tools-for-stm32.10.3-2021.10.linux64_1.0.0.202111181127/tools/bin/../lib/gcc/arm-none-eabi/10.3.1/../../../../arm-none-eabi/lib/thumb/v7-m/nofp/crt0.o (__libc_init_array)
/tools/stm32cubeide_1.10.1/plugins/com.st.stm32cube.ide.mcu.externaltools.gnu-tools-for-stm32.10.3-2021.10.linux64_1.0.0.202111181127/tools/bin/../lib/gcc/arm-none-eabi/10.3.1/../../../../arm-none-eabi/lib/thumb/v7-m/nofp/libc_nano.a(lib_a-memset.o)
                              /tools/stm32cubeide_1.10.1/plugins/com.st.stm32cube.ide.mcu.externaltools.gnu-tools-for-stm32.10.3-2021.10.linux64_1.0.0.202111181127/tools/bin/../lib/gcc/arm-none-eabi/10.3.1/../../../../arm-none-eabi/lib/thumb/v7-m/nofp/crt0.o (memset)
/tools/stm32cubeide_1.10.1/plugins/com.st.stm32cube.ide.mcu.externaltools.gnu-tools-for-stm32.10.3-2021.10.linux64_1.0.0.202111181127/tools/bin/../lib/gcc/arm-none-eabi/10.3.1/../../../../arm-none-eabi/lib/thumb/v7-m/nofp/libc_nano.a(lib_a-strlen.o)
                              ./Core/Src/main.o (strlen)
/tools/stm32cubeide_1.10.1/plugins/com.st.stm32cube.ide.mcu.externaltools.gnu-tools-for-stm32.10.3-2021.10.linux64_1.0.0.202111181127/tools/bin/../lib/gcc/arm-none-eabi/10.3.1/thumb/v7-m/nofp/libgcc.a(_arm_muldf3.o)
                              ./Core/Src/main.o (__aeabi_dmul)
/tools/stm32cubeide_1.10.1/plugins/com.st.stm32cube.ide.mcu.externaltools.gnu-tools-for-stm32.10.3-2021.10.linux64_1.0.0.202111181127/tools/bin/../lib/gcc/arm-none-eabi/10.3.1/thumb/v7-m/nofp/libgcc.a(_arm_addsubdf3.o)
                              ./Core/Src/main.o (__aeabi_ui2d)
/tools/stm32cubeide_1.10.1/plugins/com.st.stm32cube.ide.mcu.externaltools.gnu-tools-for-stm32.10.3-2021.10.linux64_1.0.0.202111181127/tools/bin/../lib/gcc/arm-none-eabi/10.3.1/thumb/v7-m/nofp/libgcc.a(_arm_fixunsdfsi.o)
                              ./Core/Src/main.o (__aeabi_d2uiz)

Discarded input sections

 .text          0x0000000000000000        0x0 /tools/stm32cubeide_1.10.1/plugins/com.st.stm32cube.ide.mcu.externaltools.gnu-tools-for-stm32.10.3-2021.10.linux64_1.0.0.202111181127/tools/bin/../lib/gcc/arm-none-eabi/10.3.1/thumb/v7-m/nofp/crti.o
 .data          0x0000000000000000        0x0 /tools/stm32cubeide_1.10.1/plugins/com.st.stm32cube.ide.mcu.externaltools.gnu-tools-for-stm32.10.3-2021.10.linux64_1.0.0.202111181127/tools/bin/../lib/gcc/arm-none-eabi/10.3.1/thumb/v7-m/nofp/crti.o
 .bss           0x0000000000000000        0x0 /tools/stm32cubeide_1.10.1/plugins/com.st.stm32cube.ide.mcu.externaltools.gnu-tools-for-stm32.10.3-2021.10.linux64_1.0.0.202111181127/tools/bin/../lib/gcc/arm-none-eabi/10.3.1/thumb/v7-m/nofp/crti.o
 .data          0x0000000000000000        0x4 /tools/stm32cubeide_1.10.1/plugins/com.st.stm32cube.ide.mcu.externaltools.gnu-tools-for-stm32.10.3-2021.10.linux64_1.0.0.202111181127/tools/bin/../lib/gcc/arm-none-eabi/10.3.1/thumb/v7-m/nofp/crtbegin.o
 .rodata        0x0000000000000000       0x24 /tools/stm32cubeide_1.10.1/plugins/com.st.stm32cube.ide.mcu.externaltools.gnu-tools-for-stm32.10.3-2021.10.linux64_1.0.0.202111181127/tools/bin/../lib/gcc/arm-none-eabi/10.3.1/thumb/v7-m/nofp/crtbegin.o
[...]
Memory Configuration

Name             Origin             Length             Attributes
RAM              0x0000000020000000 0x0000000000005000 xrw
FLASH            0x0000000008000000 0x0000000000020000 xr
*default*        0x0000000000000000 0xffffffffffffffff

Linker script and memory map

LOAD /tools/stm32cubeide_1.10.1/plugins/com.st.stm32cube.ide.mcu.externaltools.gnu-tools-for-stm32.10.3-2021.10.linux64_1.0.0.202111181127/tools/bin/../lib/gcc/arm-none-eabi/10.3.1/thumb/v7-m/nofp/crti.o
LOAD /tools/stm32cubeide_1.10.1/plugins/com.st.stm32cube.ide.mcu.externaltools.gnu-tools-for-stm32.10.3-2021.10.linux64_1.0.0.202111181127/tools/bin/../lib/gcc/arm-none-eabi/10.3.1/thumb/v7-m/nofp/crtbegin.o
LOAD /tools/stm32cubeide_1.10.1/plugins/com.st.stm32cube.ide.mcu.externaltools.gnu-tools-for-stm32.10.3-2021.10.linux64_1.0.0.202111181127/tools/bin/../lib/gcc/arm-none-eabi/10.3.1/../../../../arm-none-eabi/lib/thumb/v7-m/nofp/crt0.o
LOAD ./Core/Src/fatfs_sd.o
LOAD ./Core/Src/main.o
LOAD ./Core/Src/stm32f1xx_hal_msp.o
LOAD ./Core/Src/stm32f1xx_it.o
LOAD ./Core/Src/syscalls.o
LOAD ./Core/Src/sysmem.o
LOAD ./Core/Src/system_stm32f1xx.o
LOAD ./Core/Startup/startup_stm32f103rbtx.o
LOAD ./Drivers/STM32F1xx_HAL_Driver/Src/stm32f1xx_hal.o
LOAD ./Drivers/STM32F1xx_HAL_Driver/Src/stm32f1xx_hal_cortex.o
LOAD ./Drivers/STM32F1xx_HAL_Driver/Src/stm32f1xx_hal_dma.o
LOAD ./Drivers/STM32F1xx_HAL_Driver/Src/stm32f1xx_hal_exti.o
LOAD ./Drivers/STM32F1xx_HAL_Driver/Src/stm32f1xx_hal_flash.o
LOAD ./Drivers/STM32F1xx_HAL_Driver/Src/stm32f1xx_hal_flash_ex.o
LOAD ./Drivers/STM32F1xx_HAL_Driver/Src/stm32f1xx_hal_gpio.o
LOAD ./Drivers/STM32F1xx_HAL_Driver/Src/stm32f1xx_hal_gpio_ex.o
LOAD ./Drivers/STM32F1xx_HAL_Driver/Src/stm32f1xx_hal_pwr.o
LOAD ./Drivers/STM32F1xx_HAL_Driver/Src/stm32f1xx_hal_rcc.o
LOAD ./Drivers/STM32F1xx_HAL_Driver/Src/stm32f1xx_hal_rcc_ex.o
LOAD ./Drivers/STM32F1xx_HAL_Driver/Src/stm32f1xx_hal_spi.o
LOAD ./Drivers/STM32F1xx_HAL_Driver/Src/stm32f1xx_hal_tim.o
LOAD ./Drivers/STM32F1xx_HAL_Driver/Src/stm32f1xx_hal_tim_ex.o
LOAD ./Drivers/STM32F1xx_HAL_Driver/Src/stm32f1xx_hal_uart.o
LOAD ./FATFS/App/fatfs.o
LOAD ./FATFS/Target/user_diskio.o
LOAD ./Middlewares/Third_Party/FatFs/src/diskio.o
LOAD ./Middlewares/Third_Party/FatFs/src/ff.o
LOAD ./Middlewares/Third_Party/FatFs/src/ff_gen_drv.o
LOAD ./Middlewares/Third_Party/FatFs/src/option/ccsbcs.o
LOAD ./Middlewares/Third_Party/FatFs/src/option/syscall.o
START GROUP
LOAD /tools/stm32cubeide_1.10.1/plugins/com.st.stm32cube.ide.mcu.externaltools.gnu-tools-for-stm32.10.3-2021.10.linux64_1.0.0.202111181127/tools/bin/../lib/gcc/arm-none-eabi/10.3.1/../../../../arm-none-eabi/lib/thumb/v7-m/nofp/libstdc++_nano.a
LOAD /tools/stm32cubeide_1.10.1/plugins/com.st.stm32cube.ide.mcu.externaltools.gnu-tools-for-stm32.10.3-2021.10.linux64_1.0.0.202111181127/tools/bin/../lib/gcc/arm-none-eabi/10.3.1/../../../../arm-none-eabi/lib/thumb/v7-m/nofp/libsupc++_nano.a
END GROUP
LOAD /tools/stm32cubeide_1.10.1/plugins/com.st.stm32cube.ide.mcu.externaltools.gnu-tools-for-stm32.10.3-2021.10.linux64_1.0.0.202111181127/tools/bin/../lib/gcc/arm-none-eabi/10.3.1/../../../../arm-none-eabi/lib/thumb/v7-m/nofp/libstdc++_nano.a
LOAD /tools/stm32cubeide_1.10.1/plugins/com.st.stm32cube.ide.mcu.externaltools.gnu-tools-for-stm32.10.3-2021.10.linux64_1.0.0.202111181127/tools/bin/../lib/gcc/arm-none-eabi/10.3.1/../../../../arm-none-eabi/lib/thumb/v7-m/nofp/libm.a
LOAD /tools/stm32cubeide_1.10.1/plugins/com.st.stm32cube.ide.mcu.externaltools.gnu-tools-for-stm32.10.3-2021.10.linux64_1.0.0.202111181127/tools/bin/../lib/gcc/arm-none-eabi/10.3.1/../../../../arm-none-eabi/lib/thumb/v7-m/nofp/libc_nano.a
START GROUP
LOAD /tools/stm32cubeide_1.10.1/plugins/com.st.stm32cube.ide.mcu.externaltools.gnu-tools-for-stm32.10.3-2021.10.linux64_1.0.0.202111181127/tools/bin/../lib/gcc/arm-none-eabi/10.3.1/thumb/v7-m/nofp/libgcc.a
LOAD /tools/stm32cubeide_1.10.1/plugins/com.st.stm32cube.ide.mcu.externaltools.gnu-tools-for-stm32.10.3-2021.10.linux64_1.0.0.202111181127/tools/bin/../lib/gcc/arm-none-eabi/10.3.1/../../../../arm-none-eabi/lib/thumb/v7-m/nofp/libc_nano.a
END GROUP
START GROUP
LOAD /tools/stm32cubeide_1.10.1/plugins/com.st.stm32cube.ide.mcu.externaltools.gnu-tools-for-stm32.10.3-2021.10.linux64_1.0.0.202111181127/tools/bin/../lib/gcc/arm-none-eabi/10.3.1/thumb/v7-m/nofp/libgcc.a
LOAD /tools/stm32cubeide_1.10.1/plugins/com.st.stm32cube.ide.mcu.externaltools.gnu-tools-for-stm32.10.3-2021.10.linux64_1.0.0.202111181127/tools/bin/../lib/gcc/arm-none-eabi/10.3.1/../../../../arm-none-eabi/lib/thumb/v7-m/nofp/libc_nano.a
LOAD /tools/stm32cubeide_1.10.1/plugins/com.st.stm32cube.ide.mcu.externaltools.gnu-tools-for-stm32.10.3-2021.10.linux64_1.0.0.202111181127/tools/bin/../lib/gcc/arm-none-eabi/10.3.1/../../../../arm-none-eabi/lib/thumb/v7-m/nofp/libnosys.a
END GROUP
START GROUP
LOAD /tools/stm32cubeide_1.10.1/plugins/com.st.stm32cube.ide.mcu.externaltools.gnu-tools-for-stm32.10.3-2021.10.linux64_1.0.0.202111181127/tools/bin/../lib/gcc/arm-none-eabi/10.3.1/thumb/v7-m/nofp/libgcc.a
LOAD /tools/stm32cubeide_1.10.1/plugins/com.st.stm32cube.ide.mcu.externaltools.gnu-tools-for-stm32.10.3-2021.10.linux64_1.0.0.202111181127/tools/bin/../lib/gcc/arm-none-eabi/10.3.1/../../../../arm-none-eabi/lib/thumb/v7-m/nofp/libc_nano.a
LOAD /tools/stm32cubeide_1.10.1/plugins/com.st.stm32cube.ide.mcu.externaltools.gnu-tools-for-stm32.10.3-2021.10.linux64_1.0.0.202111181127/tools/bin/../lib/gcc/arm-none-eabi/10.3.1/../../../../arm-none-eabi/lib/thumb/v7-m/nofp/libnosys.a
END GROUP
LOAD /tools/stm32cubeide_1.10.1/plugins/com.st.stm32cube.ide.mcu.externaltools.gnu-tools-for-stm32.10.3-2021.10.linux64_1.0.0.202111181127/tools/bin/../lib/gcc/arm-none-eabi/10.3.1/thumb/v7-m/nofp/crtend.o
LOAD /tools/stm32cubeide_1.10.1/plugins/com.st.stm32cube.ide.mcu.externaltools.gnu-tools-for-stm32.10.3-2021.10.linux64_1.0.0.202111181127/tools/bin/../lib/gcc/arm-none-eabi/10.3.1/thumb/v7-m/nofp/crtn.o
                0x0000000020005000                _estack = (ORIGIN (RAM) + LENGTH (RAM))
                0x0000000000000200                _Min_Heap_Size = 0x200
                0x0000000000000400                _Min_Stack_Size = 0x400

.isr_vector     0x0000000008000000      0x10c
                0x0000000008000000                . = ALIGN (0x4)
 *(.isr_vector)
 .isr_vector    0x0000000008000000      0x10c ./Core/Startup/startup_stm32f103rbtx.o
                0x0000000008000000                g_pfnVectors
                0x000000000800010c                . = ALIGN (0x4)

.text           0x000000000800010c     0x6c14
                0x000000000800010c                . = ALIGN (0x4)
 *(.text)
 .text          0x000000000800010c       0x40 /tools/stm32cubeide_1.10.1/plugins/com.st.stm32cube.ide.mcu.externaltools.gnu-tools-for-stm32.10.3-2021.10.linux64_1.0.0.202111181127/tools/bin/../lib/gcc/arm-none-eabi/10.3.1/thumb/v7-m/nofp/crtbegin.o
 .text          0x000000000800014c       0x10 /tools/stm32cubeide_1.10.1/plugins/com.st.stm32cube.ide.mcu.externaltools.gnu-tools-for-stm32.10.3-2021.10.linux64_1.0.0.202111181127/tools/bin/../lib/gcc/arm-none-eabi/10.3.1/../../../../arm-none-eabi/lib/thumb/v7-m/nofp/libc_nano.a(lib_a-strlen.o)
                0x000000000800014c                strlen
 .text          0x000000000800015c      0x254 /tools/stm32cubeide_1.10.1/plugins/com.st.stm32cube.ide.mcu.externaltools.gnu-tools-for-stm32.10.3-2021.10.linux64_1.0.0.202111181127/tools/bin/../lib/gcc/arm-none-eabi/10.3.1/thumb/v7-m/nofp/libgcc.a(_arm_muldf3.o)
                0x000000000800015c                __aeabi_dmul
                0x000000000800015c                __muldf3
 .text          0x00000000080003b0      0x378 /tools/stm32cubeide_1.10.1/plugins/com.st.stm32cube.ide.mcu.externaltools.gnu-tools-for-stm32.10.3-2021.10.linux64_1.0.0.202111181127/tools/bin/../lib/gcc/arm-none-eabi/10.3.1/thumb/v7-m/nofp/libgcc.a(_arm_addsubdf3.o)
                0x00000000080003b0                __aeabi_drsub
                0x00000000080003b8                __aeabi_dsub
                0x00000000080003b8                __subdf3
                0x00000000080003bc                __adddf3
                0x00000000080003bc                __aeabi_dadd
                0x0000000008000634                __aeabi_ui2d
                0x0000000008000634                __floatunsidf
                0x0000000008000654                __floatsidf
                0x0000000008000654                __aeabi_i2d
                0x0000000008000678                __extendsfdf2
                0x0000000008000678                __aeabi_f2d
                0x00000000080006bc                __aeabi_ul2d
                0x00000000080006bc                __floatundidf
                0x00000000080006cc                __floatdidf
                0x00000000080006cc                __aeabi_l2d
 .text          0x0000000008000728       0x40 /tools/stm32cubeide_1.10.1/plugins/com.st.stm32cube.ide.mcu.externaltools.gnu-tools-for-stm32.10.3-2021.10.linux64_1.0.0.202111181127/tools/bin/../lib/gcc/arm-none-eabi/10.3.1/thumb/v7-m/nofp/libgcc.a(_arm_fixunsdfsi.o)
                0x0000000008000728                __fixunsdfsi
                0x0000000008000728                __aeabi_d2uiz
 *(.text*)
 .text.SELECT   0x0000000008000768       0x18 ./Core/Src/fatfs_sd.o
 .text.DESELECT
                0x0000000008000780       0x18 ./Core/Src/fatfs_sd.o
 .text.SPI_TxByte
                0x0000000008000798       0x34 ./Core/Src/fatfs_sd.o
 .text.SPI_RxByte
                0x00000000080007cc       0x3c ./Core/Src/fatfs_sd.o
 .text.SPI_RxBytePtr
                0x0000000008000808       0x1c ./Core/Src/fatfs_sd.o
 .text.SD_ReadyWait
                0x0000000008000824       0x38 ./Core/Src/fatfs_sd.o
 .text.SD_PowerOn
                0x000000000800085c       0x98 ./Core/Src/fatfs_sd.o
 .text.SD_PowerOff
                0x00000000080008f4       0x18 ./Core/Src/fatfs_sd.o
 .text.SD_CheckPower
                0x000000000800090c       0x14 ./Core/Src/fatfs_sd.o
 .text.SD_RxDataBlock
                0x0000000008000920       0x6c ./Core/Src/fatfs_sd.o
 .text.SD_TxDataBlock
                0x000000000800098c       0xa8 ./Core/Src/fatfs_sd.o
 .text.SD_SendCmd
                0x0000000008000a34       0xa4 ./Core/Src/fatfs_sd.o
 .text.SD_disk_initialize
                0x0000000008000ad8      0x1d4 ./Core/Src/fatfs_sd.o
                0x0000000008000ad8                SD_disk_initialize
 .text.SD_disk_status
                0x0000000008000cac       0x28 ./Core/Src/fatfs_sd.o
                0x0000000008000cac                SD_disk_status
 .text.SD_disk_read
                0x0000000008000cd4       0xd4 ./Core/Src/fatfs_sd.o
                0x0000000008000cd4                SD_disk_read
 .text.SD_disk_write
                0x0000000008000da8      0x108 ./Core/Src/fatfs_sd.o
                0x0000000008000da8                SD_disk_write
 .text.SD_disk_ioctl
                0x0000000008000eb0      0x264 ./Core/Src/fatfs_sd.o
                0x0000000008000eb0                SD_disk_ioctl
 .text.send_message
                0x0000000008001114       0x24 ./Core/Src/main.o
                0x0000000008001114                send_message
 .text.main     0x0000000008001138      0x174 ./Core/Src/main.o
                0x0000000008001138                main
 .text.SystemClock_Config
                0x00000000080012ac       0x82 ./Core/Src/main.o
                0x00000000080012ac                SystemClock_Config
 *fill*         0x000000000800132e        0x2 
 .text.MX_SPI1_Init
                0x0000000008001330       0x6c ./Core/Src/main.o
 .text.MX_USART2_UART_Init
                0x000000000800139c       0x54 ./Core/Src/main.o
 .text.MX_GPIO_Init
                0x00000000080013f0       0xe0 ./Core/Src/main.o
 .text.Error_Handler
                0x00000000080014d0        0xa ./Core/Src/main.o
                0x00000000080014d0                Error_Handler
 *fill*         0x00000000080014da        0x2 
 .text.HAL_MspInit
                0x00000000080014dc       0x64 ./Core/Src/stm32f1xx_hal_msp.o
                0x00000000080014dc                HAL_MspInit
 .text.HAL_SPI_MspInit
                0x0000000008001540       0x94 ./Core/Src/stm32f1xx_hal_msp.o
                0x0000000008001540                HAL_SPI_MspInit
 .text.HAL_UART_MspInit
                0x00000000080015d4       0x7c ./Core/Src/stm32f1xx_hal_msp.o
                0x00000000080015d4                HAL_UART_MspInit
 .text.SDTimer_Handler
                0x0000000008001650       0x44 ./Core/Src/stm32f1xx_it.o
                0x0000000008001650                SDTimer_Handler
 .text.NMI_Handler
                0x0000000008001694        0x6 ./Core/Src/stm32f1xx_it.o
                0x0000000008001694                NMI_Handler
 .text.HardFault_Handler
                0x000000000800169a        0x6 ./Core/Src/stm32f1xx_it.o
                0x000000000800169a                HardFault_Handler
 .text.MemManage_Handler
                0x00000000080016a0        0x6 ./Core/Src/stm32f1xx_it.o
                0x00000000080016a0                MemManage_Handler
 .text.BusFault_Handler
                0x00000000080016a6        0x6 ./Core/Src/stm32f1xx_it.o
                0x00000000080016a6                BusFault_Handler
 .text.UsageFault_Handler
                0x00000000080016ac        0x6 ./Core/Src/stm32f1xx_it.o
                0x00000000080016ac                UsageFault_Handler
 .text.SVC_Handler
                0x00000000080016b2        0xc ./Core/Src/stm32f1xx_it.o
                0x00000000080016b2                SVC_Handler
 .text.DebugMon_Handler
                0x00000000080016be        0xc ./Core/Src/stm32f1xx_it.o
                0x00000000080016be                DebugMon_Handler
 .text.PendSV_Handler
                0x00000000080016ca        0xc ./Core/Src/stm32f1xx_it.o
                0x00000000080016ca                PendSV_Handler
 .text.SysTick_Handler
                0x00000000080016d6       0x10 ./Core/Src/stm32f1xx_it.o
                0x00000000080016d6                SysTick_Handler
 .text.EXTI15_10_IRQHandler
                0x00000000080016e6       0x10 ./Core/Src/stm32f1xx_it.o
                0x00000000080016e6                EXTI15_10_IRQHandler
 .text.SystemInit
                0x00000000080016f6        0xc ./Core/Src/system_stm32f1xx.o
                0x00000000080016f6                SystemInit
 *fill*         0x0000000008001702        0x2 
 .text.Reset_Handler
                0x0000000008001704       0x48 ./Core/Startup/startup_stm32f103rbtx.o
                0x0000000008001704                Reset_Handler
 .text.Default_Handler
                0x000000000800174c        0x2 ./Core/Startup/startup_stm32f103rbtx.o
                0x000000000800174c                RTC_Alarm_IRQHandler
                0x000000000800174c                EXTI2_IRQHandler
                0x000000000800174c                TIM1_CC_IRQHandler
                0x000000000800174c                PVD_IRQHandler
                0x000000000800174c                EXTI3_IRQHandler
                0x000000000800174c                EXTI0_IRQHandler
                0x000000000800174c                I2C2_EV_IRQHandler
                0x000000000800174c                ADC1_2_IRQHandler
                0x000000000800174c                SPI1_IRQHandler
                0x000000000800174c                TAMPER_IRQHandler
                0x000000000800174c                DMA1_Channel4_IRQHandler
                0x000000000800174c                USART3_IRQHandler
                0x000000000800174c                RTC_IRQHandler
                0x000000000800174c                DMA1_Channel7_IRQHandler
                0x000000000800174c                CAN1_RX1_IRQHandler
                0x000000000800174c                TIM4_IRQHandler
                0x000000000800174c                I2C1_EV_IRQHandler
                0x000000000800174c                DMA1_Channel6_IRQHandler
                0x000000000800174c                TIM3_IRQHandler
                0x000000000800174c                RCC_IRQHandler
                0x000000000800174c                TIM1_TRG_COM_IRQHandler
                0x000000000800174c                DMA1_Channel1_IRQHandler
                0x000000000800174c                Default_Handler
                0x000000000800174c                EXTI9_5_IRQHandler
                0x000000000800174c                SPI2_IRQHandler
                0x000000000800174c                DMA1_Channel5_IRQHandler
                0x000000000800174c                EXTI4_IRQHandler
                0x000000000800174c                USB_LP_CAN1_RX0_IRQHandler
                0x000000000800174c                USB_HP_CAN1_TX_IRQHandler
                0x000000000800174c                DMA1_Channel3_IRQHandler
                0x000000000800174c                TIM1_UP_IRQHandler
                0x000000000800174c                WWDG_IRQHandler
                0x000000000800174c                TIM2_IRQHandler
                0x000000000800174c                TIM1_BRK_IRQHandler
                0x000000000800174c                EXTI1_IRQHandler
                0x000000000800174c                USART2_IRQHandler
                0x000000000800174c                I2C2_ER_IRQHandler
                0x000000000800174c                DMA1_Channel2_IRQHandler
                0x000000000800174c                CAN1_SCE_IRQHandler
                0x000000000800174c                FLASH_IRQHandler
                0x000000000800174c                USART1_IRQHandler
                0x000000000800174c                I2C1_ER_IRQHandler
                0x000000000800174c                USBWakeUp_IRQHandler
 *fill*         0x000000000800174e        0x2 
 .text.HAL_Init
                0x0000000008001750       0x2c ./Drivers/STM32F1xx_HAL_Driver/Src/stm32f1xx_hal.o
                0x0000000008001750                HAL_Init
 .text.HAL_InitTick
                0x000000000800177c       0x60 ./Drivers/STM32F1xx_HAL_Driver/Src/stm32f1xx_hal.o
                0x000000000800177c                HAL_InitTick
 .text.HAL_IncTick
                0x00000000080017dc       0x24 ./Drivers/STM32F1xx_HAL_Driver/Src/stm32f1xx_hal.o
                0x00000000080017dc                HAL_IncTick
 .text.HAL_GetTick
                0x0000000008001800       0x14 ./Drivers/STM32F1xx_HAL_Driver/Src/stm32f1xx_hal.o
                0x0000000008001800                HAL_GetTick
 .text.HAL_Delay
                0x0000000008001814       0x48 ./Drivers/STM32F1xx_HAL_Driver/Src/stm32f1xx_hal.o
                0x0000000008001814                HAL_Delay
 .text.__NVIC_SetPriorityGrouping
                0x000000000800185c       0x48 ./Drivers/STM32F1xx_HAL_Driver/Src/stm32f1xx_hal_cortex.o
 .text.__NVIC_GetPriorityGrouping
                0x00000000080018a4       0x1c ./Drivers/STM32F1xx_HAL_Driver/Src/stm32f1xx_hal_cortex.o
 .text.__NVIC_EnableIRQ
                0x00000000080018c0       0x38 ./Drivers/STM32F1xx_HAL_Driver/Src/stm32f1xx_hal_cortex.o
 .text.__NVIC_SetPriority
                0x00000000080018f8       0x54 ./Drivers/STM32F1xx_HAL_Driver/Src/stm32f1xx_hal_cortex.o
 .text.NVIC_EncodePriority
                0x000000000800194c       0x64 ./Drivers/STM32F1xx_HAL_Driver/Src/stm32f1xx_hal_cortex.o
 .text.SysTick_Config
                0x00000000080019b0       0x44 ./Drivers/STM32F1xx_HAL_Driver/Src/stm32f1xx_hal_cortex.o
 .text.HAL_NVIC_SetPriorityGrouping
                0x00000000080019f4       0x16 ./Drivers/STM32F1xx_HAL_Driver/Src/stm32f1xx_hal_cortex.o
                0x00000000080019f4                HAL_NVIC_SetPriorityGrouping
 .text.HAL_NVIC_SetPriority
                0x0000000008001a0a       0x38 ./Drivers/STM32F1xx_HAL_Driver/Src/stm32f1xx_hal_cortex.o
                0x0000000008001a0a                HAL_NVIC_SetPriority
 .text.HAL_NVIC_EnableIRQ
                0x0000000008001a42       0x1c ./Drivers/STM32F1xx_HAL_Driver/Src/stm32f1xx_hal_cortex.o
                0x0000000008001a42                HAL_NVIC_EnableIRQ
 .text.HAL_SYSTICK_Config
                0x0000000008001a5e       0x18 ./Drivers/STM32F1xx_HAL_Driver/Src/stm32f1xx_hal_cortex.o
                0x0000000008001a5e                HAL_SYSTICK_Config
 *fill*         0x0000000008001a76        0x2 
 .text.HAL_GPIO_Init
                0x0000000008001a78      0x308 ./Drivers/STM32F1xx_HAL_Driver/Src/stm32f1xx_hal_gpio.o
                0x0000000008001a78                HAL_GPIO_Init
 .text.HAL_GPIO_WritePin
                0x0000000008001d80       0x30 ./Drivers/STM32F1xx_HAL_Driver/Src/stm32f1xx_hal_gpio.o
                0x0000000008001d80                HAL_GPIO_WritePin
 .text.HAL_GPIO_EXTI_IRQHandler
                0x0000000008001db0       0x30 ./Drivers/STM32F1xx_HAL_Driver/Src/stm32f1xx_hal_gpio.o
                0x0000000008001db0                HAL_GPIO_EXTI_IRQHandler
 .text.HAL_GPIO_EXTI_Callback
                0x0000000008001de0       0x14 ./Drivers/STM32F1xx_HAL_Driver/Src/stm32f1xx_hal_gpio.o
                0x0000000008001de0                HAL_GPIO_EXTI_Callback
 .text.HAL_RCC_OscConfig
                0x0000000008001df4      0x504 ./Drivers/STM32F1xx_HAL_Driver/Src/stm32f1xx_hal_rcc.o
                0x0000000008001df4                HAL_RCC_OscConfig
 .text.HAL_RCC_ClockConfig
                0x00000000080022f8      0x1d4 ./Drivers/STM32F1xx_HAL_Driver/Src/stm32f1xx_hal_rcc.o
                0x00000000080022f8                HAL_RCC_ClockConfig
 .text.HAL_RCC_GetSysClockFreq
                0x00000000080024cc       0xbc ./Drivers/STM32F1xx_HAL_Driver/Src/stm32f1xx_hal_rcc.o
                0x00000000080024cc                HAL_RCC_GetSysClockFreq
 .text.HAL_RCC_GetHCLKFreq
                0x0000000008002588       0x14 ./Drivers/STM32F1xx_HAL_Driver/Src/stm32f1xx_hal_rcc.o
                0x0000000008002588                HAL_RCC_GetHCLKFreq
 .text.HAL_RCC_GetPCLK1Freq
                0x000000000800259c       0x28 ./Drivers/STM32F1xx_HAL_Driver/Src/stm32f1xx_hal_rcc.o
                0x000000000800259c                HAL_RCC_GetPCLK1Freq
 .text.HAL_RCC_GetPCLK2Freq
                0x00000000080025c4       0x28 ./Drivers/STM32F1xx_HAL_Driver/Src/stm32f1xx_hal_rcc.o
                0x00000000080025c4                HAL_RCC_GetPCLK2Freq
 .text.RCC_Delay
                0x00000000080025ec       0x3c ./Drivers/STM32F1xx_HAL_Driver/Src/stm32f1xx_hal_rcc.o
 .text.HAL_SPI_Init
                0x0000000008002628      0x108 ./Drivers/STM32F1xx_HAL_Driver/Src/stm32f1xx_hal_spi.o
                0x0000000008002628                HAL_SPI_Init
 .text.HAL_SPI_Transmit
                0x0000000008002730      0x278 ./Drivers/STM32F1xx_HAL_Driver/Src/stm32f1xx_hal_spi.o
                0x0000000008002730                HAL_SPI_Transmit
 .text.HAL_SPI_TransmitReceive
                0x00000000080029a8      0x344 ./Drivers/STM32F1xx_HAL_Driver/Src/stm32f1xx_hal_spi.o
                0x00000000080029a8                HAL_SPI_TransmitReceive
 .text.HAL_SPI_GetState
                0x0000000008002cec       0x1a ./Drivers/STM32F1xx_HAL_Driver/Src/stm32f1xx_hal_spi.o
                0x0000000008002cec                HAL_SPI_GetState
 *fill*         0x0000000008002d06        0x2 
 .text.SPI_WaitFlagStateUntilTimeout
                0x0000000008002d08      0x110 ./Drivers/STM32F1xx_HAL_Driver/Src/stm32f1xx_hal_spi.o
 .text.SPI_EndRxTxTransaction
                0x0000000008002e18       0x3c ./Drivers/STM32F1xx_HAL_Driver/Src/stm32f1xx_hal_spi.o
 .text.HAL_UART_Init
                0x0000000008002e54       0x9a ./Drivers/STM32F1xx_HAL_Driver/Src/stm32f1xx_hal_uart.o
                0x0000000008002e54                HAL_UART_Init
 .text.HAL_UART_Transmit
                0x0000000008002eee      0x124 ./Drivers/STM32F1xx_HAL_Driver/Src/stm32f1xx_hal_uart.o
                0x0000000008002eee                HAL_UART_Transmit
 .text.UART_WaitOnFlagUntilTimeout
                0x0000000008003012       0x94 ./Drivers/STM32F1xx_HAL_Driver/Src/stm32f1xx_hal_uart.o
 *fill*         0x00000000080030a6        0x2 
 .text.UART_SetConfig
                0x00000000080030a8      0x11c ./Drivers/STM32F1xx_HAL_Driver/Src/stm32f1xx_hal_uart.o
 .text.MX_FATFS_Init
                0x00000000080031c4       0x24 ./FATFS/App/fatfs.o
                0x00000000080031c4                MX_FATFS_Init
 .text.get_fattime
                0x00000000080031e8        0xe ./FATFS/App/fatfs.o
                0x00000000080031e8                get_fattime
 .text.USER_initialize
                0x00000000080031f6       0x1c ./FATFS/Target/user_diskio.o
                0x00000000080031f6                USER_initialize
 .text.USER_status
                0x0000000008003212       0x1c ./FATFS/Target/user_diskio.o
                0x0000000008003212                USER_status
 .text.USER_read
                0x000000000800322e       0x26 ./FATFS/Target/user_diskio.o
                0x000000000800322e                USER_read
 .text.USER_write
                0x0000000008003254       0x26 ./FATFS/Target/user_diskio.o
                0x0000000008003254                USER_write
 .text.USER_ioctl
                0x000000000800327a       0x26 ./FATFS/Target/user_diskio.o
                0x000000000800327a                USER_ioctl
 .text.disk_status
                0x00000000080032a0       0x34 ./Middlewares/Third_Party/FatFs/src/diskio.o
                0x00000000080032a0                disk_status
 .text.disk_initialize
                0x00000000080032d4       0x4c ./Middlewares/Third_Party/FatFs/src/diskio.o
                0x00000000080032d4                disk_initialize
 .text.disk_read
                0x0000000008003320       0x40 ./Middlewares/Third_Party/FatFs/src/diskio.o
                0x0000000008003320                disk_read
 .text.disk_write
                0x0000000008003360       0x40 ./Middlewares/Third_Party/FatFs/src/diskio.o
                0x0000000008003360                disk_write
 .text.disk_ioctl
                0x00000000080033a0       0x3c ./Middlewares/Third_Party/FatFs/src/diskio.o
                0x00000000080033a0                disk_ioctl
 .text.mem_cpy  0x00000000080033dc       0x3c ./Middlewares/Third_Party/FatFs/src/ff.o
 .text.mem_set  0x0000000008003418       0x34 ./Middlewares/Third_Party/FatFs/src/ff.o
 .text.mem_cmp  0x000000000800344c       0x4c ./Middlewares/Third_Party/FatFs/src/ff.o
 .text.chk_chr  0x0000000008003498       0x34 ./Middlewares/Third_Party/FatFs/src/ff.o
 .text.chk_lock
                0x00000000080034cc       0xe0 ./Middlewares/Third_Party/FatFs/src/ff.o
 .text.enq_lock
                0x00000000080035ac       0x48 ./Middlewares/Third_Party/FatFs/src/ff.o
 .text.inc_lock
                0x00000000080035f4      0x178 ./Middlewares/Third_Party/FatFs/src/ff.o
 .text.dec_lock
                0x000000000800376c       0x88 ./Middlewares/Third_Party/FatFs/src/ff.o
 .text.clear_lock
                0x00000000080037f4       0x54 ./Middlewares/Third_Party/FatFs/src/ff.o
 .text.sync_window
                0x0000000008003848       0xa4 ./Middlewares/Third_Party/FatFs/src/ff.o
 .text.move_window
                0x00000000080038ec       0x64 ./Middlewares/Third_Party/FatFs/src/ff.o
 .text.sync_fs  0x0000000008003950      0x17e ./Middlewares/Third_Party/FatFs/src/ff.o
 .text.clust2sect
                0x0000000008003ace       0x48 ./Middlewares/Third_Party/FatFs/src/ff.o
                0x0000000008003ace                clust2sect
 .text.get_fat  0x0000000008003b16      0x1f8 ./Middlewares/Third_Party/FatFs/src/ff.o
                0x0000000008003b16                get_fat
 .text.put_fat  0x0000000008003d0e      0x2a6 ./Middlewares/Third_Party/FatFs/src/ff.o
                0x0000000008003d0e                put_fat
 .text.remove_chain
                0x0000000008003fb4       0xc2 ./Middlewares/Third_Party/FatFs/src/ff.o
 .text.create_chain
                0x0000000008004076      0x150 ./Middlewares/Third_Party/FatFs/src/ff.o
 .text.clmt_clust
                0x00000000080041c6       0x80 ./Middlewares/Third_Party/FatFs/src/ff.o
 .text.dir_sdi  0x0000000008004246      0x19c ./Middlewares/Third_Party/FatFs/src/ff.o
 .text.dir_next
                0x00000000080043e2      0x294 ./Middlewares/Third_Party/FatFs/src/ff.o
 .text.dir_alloc
                0x0000000008004676       0x9c ./Middlewares/Third_Party/FatFs/src/ff.o
 .text.ld_clust
                0x0000000008004712       0x5c ./Middlewares/Third_Party/FatFs/src/ff.o
 .text.st_clust
                0x000000000800476e       0x4c ./Middlewares/Third_Party/FatFs/src/ff.o
 *fill*         0x00000000080047ba        0x2 
 .text.cmp_lfn  0x00000000080047bc       0xdc ./Middlewares/Third_Party/FatFs/src/ff.o
 .text.fit_lfn  0x0000000008004898       0xe8 ./Middlewares/Third_Party/FatFs/src/ff.o
 .text.gen_numname
                0x0000000008004980      0x11c ./Middlewares/Third_Party/FatFs/src/ff.o
 .text.sum_sfn  0x0000000008004a9c       0x40 ./Middlewares/Third_Party/FatFs/src/ff.o
 .text.dir_find
                0x0000000008004adc      0x198 ./Middlewares/Third_Party/FatFs/src/ff.o
 .text.dir_register
                0x0000000008004c74      0x248 ./Middlewares/Third_Party/FatFs/src/ff.o
 .text.create_name
                0x0000000008004ebc      0x37c ./Middlewares/Third_Party/FatFs/src/ff.o
 .text.follow_path
                0x0000000008005238       0xec ./Middlewares/Third_Party/FatFs/src/ff.o
 .text.get_ldnumber
                0x0000000008005324       0x86 ./Middlewares/Third_Party/FatFs/src/ff.o
 *fill*         0x00000000080053aa        0x2 
 .text.check_fs
                0x00000000080053ac       0xdc ./Middlewares/Third_Party/FatFs/src/ff.o
 .text.find_volume
                0x0000000008005488      0x664 ./Middlewares/Third_Party/FatFs/src/ff.o
 .text.validate
                0x0000000008005aec       0x76 ./Middlewares/Third_Party/FatFs/src/ff.o
 *fill*         0x0000000008005b62        0x2 
 .text.f_mount  0x0000000008005b64       0x94 ./Middlewares/Third_Party/FatFs/src/ff.o
                0x0000000008005b64                f_mount
 .text.f_open   0x0000000008005bf8      0x630 ./Middlewares/Third_Party/FatFs/src/ff.o
                0x0000000008005bf8                f_open
 .text.f_write  0x0000000008006228      0x472 ./Middlewares/Third_Party/FatFs/src/ff.o
                0x0000000008006228                f_write
 .text.f_sync   0x000000000800669a      0x19c ./Middlewares/Third_Party/FatFs/src/ff.o
                0x000000000800669a                f_sync
 .text.f_close  0x0000000008006836       0x56 ./Middlewares/Third_Party/FatFs/src/ff.o
                0x0000000008006836                f_close
 .text.f_getfree
                0x000000000800688c      0x1b4 ./Middlewares/Third_Party/FatFs/src/ff.o
                0x000000000800688c                f_getfree
 .text.putc_bfd
                0x0000000008006a40       0x7a ./Middlewares/Third_Party/FatFs/src/ff.o
 .text.f_puts   0x0000000008006aba       0x72 ./Middlewares/Third_Party/FatFs/src/ff.o
                0x0000000008006aba                f_puts
 .text.FATFS_LinkDriverEx
                0x0000000008006b2c       0x94 ./Middlewares/Third_Party/FatFs/src/ff_gen_drv.o
                0x0000000008006b2c                FATFS_LinkDriverEx
 .text.FATFS_LinkDriver
                0x0000000008006bc0       0x1e ./Middlewares/Third_Party/FatFs/src/ff_gen_drv.o
                0x0000000008006bc0                FATFS_LinkDriver
 *fill*         0x0000000008006bde        0x2 
 .text.ff_convert
                0x0000000008006be0       0x74 ./Middlewares/Third_Party/FatFs/src/option/ccsbcs.o
                0x0000000008006be0                ff_convert
 .text.ff_wtoupper
                0x0000000008006c54       0x5c ./Middlewares/Third_Party/FatFs/src/option/ccsbcs.o
                0x0000000008006c54                ff_wtoupper
 .text.__libc_init_array
                0x0000000008006cb0       0x48 /tools/stm32cubeide_1.10.1/plugins/com.st.stm32cube.ide.mcu.externaltools.gnu-tools-for-stm32.10.3-2021.10.linux64_1.0.0.202111181127/tools/bin/../lib/gcc/arm-none-eabi/10.3.1/../../../../arm-none-eabi/lib/thumb/v7-m/nofp/libc_nano.a(lib_a-init.o)
                0x0000000008006cb0                __libc_init_array
 .text.memset   0x0000000008006cf8       0x10 /tools/stm32cubeide_1.10.1/plugins/com.st.stm32cube.ide.mcu.externaltools.gnu-tools-for-stm32.10.3-2021.10.linux64_1.0.0.202111181127/tools/bin/../lib/gcc/arm-none-eabi/10.3.1/../../../../arm-none-eabi/lib/thumb/v7-m/nofp/libc_nano.a(lib_a-memset.o)
                0x0000000008006cf8                memset
 *(.glue_7)
 .glue_7        0x0000000008006d08        0x0 linker stubs
 *(.glue_7t)
 .glue_7t       0x0000000008006d08        0x0 linker stubs
 *(.eh_frame)
 .eh_frame      0x0000000008006d08        0x0 /tools/stm32cubeide_1.10.1/plugins/com.st.stm32cube.ide.mcu.externaltools.gnu-tools-for-stm32.10.3-2021.10.linux64_1.0.0.202111181127/tools/bin/../lib/gcc/arm-none-eabi/10.3.1/thumb/v7-m/nofp/crtbegin.o
 *(.init)
 .init          0x0000000008006d08        0x4 /tools/stm32cubeide_1.10.1/plugins/com.st.stm32cube.ide.mcu.externaltools.gnu-tools-for-stm32.10.3-2021.10.linux64_1.0.0.202111181127/tools/bin/../lib/gcc/arm-none-eabi/10.3.1/thumb/v7-m/nofp/crti.o
                0x0000000008006d08                _init
 .init          0x0000000008006d0c        0x8 /tools/stm32cubeide_1.10.1/plugins/com.st.stm32cube.ide.mcu.externaltools.gnu-tools-for-stm32.10.3-2021.10.linux64_1.0.0.202111181127/tools/bin/../lib/gcc/arm-none-eabi/10.3.1/thumb/v7-m/nofp/crtn.o
 *(.fini)
 .fini          0x0000000008006d14        0x4 /tools/stm32cubeide_1.10.1/plugins/com.st.stm32cube.ide.mcu.externaltools.gnu-tools-for-stm32.10.3-2021.10.linux64_1.0.0.202111181127/tools/bin/../lib/gcc/arm-none-eabi/10.3.1/thumb/v7-m/nofp/crti.o
                0x0000000008006d14                _fini
 .fini          0x0000000008006d18        0x8 /tools/stm32cubeide_1.10.1/plugins/com.st.stm32cube.ide.mcu.externaltools.gnu-tools-for-stm32.10.3-2021.10.linux64_1.0.0.202111181127/tools/bin/../lib/gcc/arm-none-eabi/10.3.1/thumb/v7-m/nofp/crtn.o
                0x0000000008006d20                . = ALIGN (0x4)
                0x0000000008006d20                _etext = .

.vfp11_veneer   0x0000000008006d20        0x0
 .vfp11_veneer  0x0000000008006d20        0x0 linker stubs

.v4_bx          0x0000000008006d20        0x0
 .v4_bx         0x0000000008006d20        0x0 linker stubs

.iplt           0x0000000008006d20        0x0
 .iplt          0x0000000008006d20        0x0 /tools/stm32cubeide_1.10.1/plugins/com.st.stm32cube.ide.mcu.externaltools.gnu-tools-for-stm32.10.3-2021.10.linux64_1.0.0.202111181127/tools/bin/../lib/gcc/arm-none-eabi/10.3.1/thumb/v7-m/nofp/crtbegin.o

.rodata         0x0000000008006d20      0x694
                0x0000000008006d20                . = ALIGN (0x4)
 *(.rodata)
 .rodata        0x0000000008006d20       0xd2 ./Core/Src/main.o
 *fill*         0x0000000008006df2        0x2 
 .rodata        0x0000000008006df4       0x10 ./Drivers/STM32F1xx_HAL_Driver/Src/stm32f1xx_hal_rcc.o
 .rodata        0x0000000008006e04       0x48 ./Middlewares/Third_Party/FatFs/src/ff.o
 *(.rodata*)
 .rodata.AHBPrescTable
                0x0000000008006e4c       0x10 ./Core/Src/system_stm32f1xx.o
                0x0000000008006e4c                AHBPrescTable
 .rodata.APBPrescTable
                0x0000000008006e5c        0x8 ./Core/Src/system_stm32f1xx.o
                0x0000000008006e5c                APBPrescTable
 .rodata.ExCvt  0x0000000008006e64       0x80 ./Middlewares/Third_Party/FatFs/src/ff.o
 .rodata.LfnOfs
                0x0000000008006ee4        0xd ./Middlewares/Third_Party/FatFs/src/ff.o
 *fill*         0x0000000008006ef1        0x3 
 .rodata.Tbl    0x0000000008006ef4      0x100 ./Middlewares/Third_Party/FatFs/src/option/ccsbcs.o
 .rodata.tbl_lower.1
                0x0000000008006ff4      0x1e0 ./Middlewares/Third_Party/FatFs/src/option/ccsbcs.o
 .rodata.tbl_upper.0
                0x00000000080071d4      0x1e0 ./Middlewares/Third_Party/FatFs/src/option/ccsbcs.o
                0x00000000080073b4                . = ALIGN (0x4)

.rel.dyn        0x00000000080073b4        0x0
 .rel.iplt      0x00000000080073b4        0x0 /tools/stm32cubeide_1.10.1/plugins/com.st.stm32cube.ide.mcu.externaltools.gnu-tools-for-stm32.10.3-2021.10.linux64_1.0.0.202111181127/tools/bin/../lib/gcc/arm-none-eabi/10.3.1/thumb/v7-m/nofp/crtbegin.o

.ARM.extab      0x00000000080073b4        0x0
                0x00000000080073b4                . = ALIGN (0x4)
 *(.ARM.extab* .gnu.linkonce.armextab.*)
                0x00000000080073b4                . = ALIGN (0x4)

.ARM            0x00000000080073b4        0x0
                0x00000000080073b4                . = ALIGN (0x4)
                0x00000000080073b4                __exidx_start = .
 *(.ARM.exidx*)
                0x00000000080073b4                __exidx_end = .
                0x00000000080073b4                . = ALIGN (0x4)

.preinit_array  0x00000000080073b4        0x0
                0x00000000080073b4                . = ALIGN (0x4)
                0x00000000080073b4                PROVIDE (__preinit_array_start = .)
 *(.preinit_array*)
                0x00000000080073b4                PROVIDE (__preinit_array_end = .)
                0x00000000080073b4                . = ALIGN (0x4)

.init_array     0x00000000080073b4        0x4
                0x00000000080073b4                . = ALIGN (0x4)
                0x00000000080073b4                PROVIDE (__init_array_start = .)
 *(SORT_BY_NAME(.init_array.*))
 *(.init_array*)
 .init_array    0x00000000080073b4        0x4 /tools/stm32cubeide_1.10.1/plugins/com.st.stm32cube.ide.mcu.externaltools.gnu-tools-for-stm32.10.3-2021.10.linux64_1.0.0.202111181127/tools/bin/../lib/gcc/arm-none-eabi/10.3.1/thumb/v7-m/nofp/crtbegin.o
                0x00000000080073b8                PROVIDE (__init_array_end = .)
                0x00000000080073b8                . = ALIGN (0x4)

.fini_array     0x00000000080073b8        0x4
                0x00000000080073b8                . = ALIGN (0x4)
                [!provide]                        PROVIDE (__fini_array_start = .)
 *(SORT_BY_NAME(.fini_array.*))
 *(.fini_array*)
 .fini_array    0x00000000080073b8        0x4 /tools/stm32cubeide_1.10.1/plugins/com.st.stm32cube.ide.mcu.externaltools.gnu-tools-for-stm32.10.3-2021.10.linux64_1.0.0.202111181127/tools/bin/../lib/gcc/arm-none-eabi/10.3.1/thumb/v7-m/nofp/crtbegin.o
                [!provide]                        PROVIDE (__fini_array_end = .)
                0x00000000080073bc                . = ALIGN (0x4)
                0x00000000080073bc                _sidata = LOADADDR (.data)

.data           0x0000000020000000       0x24 load address 0x00000000080073bc
                0x0000000020000000                . = ALIGN (0x4)
                0x0000000020000000                _sdata = .
 *(.data)
 *(.data*)
 .data.Stat     0x0000000020000000        0x1 ./Core/Src/fatfs_sd.o
 *fill*         0x0000000020000001        0x3 
 .data.SystemCoreClock
                0x0000000020000004        0x4 ./Core/Src/system_stm32f1xx.o
                0x0000000020000004                SystemCoreClock
 .data.uwTickPrio
                0x0000000020000008        0x4 ./Drivers/STM32F1xx_HAL_Driver/Src/stm32f1xx_hal.o
                0x0000000020000008                uwTickPrio
 .data.uwTickFreq
                0x000000002000000c        0x1 ./Drivers/STM32F1xx_HAL_Driver/Src/stm32f1xx_hal.o
                0x000000002000000c                uwTickFreq
 *fill*         0x000000002000000d        0x3 
 .data.USER_Driver
                0x0000000020000010       0x14 ./FATFS/Target/user_diskio.o
                0x0000000020000010                USER_Driver
 *(.RamFunc)
 *(.RamFunc*)
                0x0000000020000024                . = ALIGN (0x4)
                0x0000000020000024                _edata = .

.igot.plt       0x0000000020000024        0x0 load address 0x00000000080073e0
 .igot.plt      0x0000000020000024        0x0 /tools/stm32cubeide_1.10.1/plugins/com.st.stm32cube.ide.mcu.externaltools.gnu-tools-for-stm32.10.3-2021.10.linux64_1.0.0.202111181127/tools/bin/../lib/gcc/arm-none-eabi/10.3.1/thumb/v7-m/nofp/crtbegin.o
                0x0000000020000024                . = ALIGN (0x4)

.bss            0x0000000020000024     0x2364 load address 0x00000000080073e0
                0x0000000020000024                _sbss = .
                0x0000000020000024                __bss_start__ = _sbss
 *(.bss)
 .bss           0x0000000020000024       0x1c /tools/stm32cubeide_1.10.1/plugins/com.st.stm32cube.ide.mcu.externaltools.gnu-tools-for-stm32.10.3-2021.10.linux64_1.0.0.202111181127/tools/bin/../lib/gcc/arm-none-eabi/10.3.1/thumb/v7-m/nofp/crtbegin.o
 *(.bss*)
 .bss.CardType  0x0000000020000040        0x1 ./Core/Src/fatfs_sd.o
 .bss.PowerFlag
                0x0000000020000041        0x1 ./Core/Src/fatfs_sd.o
 *fill*         0x0000000020000042        0x2 
 .bss.hspi1     0x0000000020000044       0x58 ./Core/Src/main.o
                0x0000000020000044                hspi1
 .bss.huart2    0x000000002000009c       0x44 ./Core/Src/main.o
                0x000000002000009c                huart2
 .bss.fs        0x00000000200000e0     0x1030 ./Core/Src/main.o
                0x00000000200000e0                fs
 .bss.pfs       0x0000000020001110        0x4 ./Core/Src/main.o
                0x0000000020001110                pfs
 .bss.fil       0x0000000020001114     0x102c ./Core/Src/main.o
                0x0000000020001114                fil
 .bss.fre_clust
                0x0000000020002140        0x4 ./Core/Src/main.o
                0x0000000020002140                fre_clust
 .bss.total     0x0000000020002144        0x4 ./Core/Src/main.o
                0x0000000020002144                total
 .bss.free_space
                0x0000000020002148        0x4 ./Core/Src/main.o
                0x0000000020002148                free_space
 .bss.Timer1    0x000000002000214c        0x1 ./Core/Src/stm32f1xx_it.o
                0x000000002000214c                Timer1
 .bss.Timer2    0x000000002000214d        0x1 ./Core/Src/stm32f1xx_it.o
                0x000000002000214d                Timer2
 *fill*         0x000000002000214e        0x2 
 .bss.uwTick    0x0000000020002150        0x4 ./Drivers/STM32F1xx_HAL_Driver/Src/stm32f1xx_hal.o
                0x0000000020002150                uwTick
 .bss.retUSER   0x0000000020002154        0x1 ./FATFS/App/fatfs.o
                0x0000000020002154                retUSER
 *fill*         0x0000000020002155        0x3 
 .bss.USERPath  0x0000000020002158        0x4 ./FATFS/App/fatfs.o
                0x0000000020002158                USERPath
 .bss.FatFs     0x000000002000215c        0x4 ./Middlewares/Third_Party/FatFs/src/ff.o
 .bss.Fsid      0x0000000020002160        0x2 ./Middlewares/Third_Party/FatFs/src/ff.o
 *fill*         0x0000000020002162        0x2 
 .bss.Files     0x0000000020002164       0x18 ./Middlewares/Third_Party/FatFs/src/ff.o
 .bss.LfnBuf    0x000000002000217c      0x200 ./Middlewares/Third_Party/FatFs/src/ff.o
 .bss.disk      0x000000002000237c        0xc ./Middlewares/Third_Party/FatFs/src/ff_gen_drv.o
                0x000000002000237c                disk
 *(COMMON)
                0x0000000020002388                . = ALIGN (0x4)
                0x0000000020002388                _ebss = .
                0x0000000020002388                __bss_end__ = _ebss

._user_heap_stack
                0x0000000020002388      0x600 load address 0x00000000080073e0
                0x0000000020002388                . = ALIGN (0x8)
                [!provide]                        PROVIDE (end = .)
                0x0000000020002388                PROVIDE (_end = .)
                0x0000000020002588                . = (. + _Min_Heap_Size)
 *fill*         0x0000000020002388      0x200 
                0x0000000020002988                . = (. + _Min_Stack_Size)
 *fill*         0x0000000020002588      0x400 
                0x0000000020002988                . = ALIGN (0x8)

/DISCARD/
 libc.a(*)
 libm.a(*)
 libgcc.a(*)

.ARM.attributes
                0x0000000000000000       0x29
 *(.ARM.attributes)
 .ARM.attributes
                0x0000000000000000       0x1d /tools/stm32cubeide_1.10.1/plugins/com.st.stm32cube.ide.mcu.externaltools.gnu-tools-for-stm32.10.3-2021.10.linux64_1.0.0.202111181127/tools/bin/../lib/gcc/arm-none-eabi/10.3.1/thumb/v7-m/nofp/crti.o
 .ARM.attributes
                0x000000000000001d       0x2d /tools/stm32cubeide_1.10.1/plugins/com.st.stm32cube.ide.mcu.externaltools.gnu-tools-for-stm32.10.3-2021.10.linux64_1.0.0.202111181127/tools/bin/../lib/gcc/arm-none-eabi/10.3.1/thumb/v7-m/nofp/crtbegin.o
 .ARM.attributes
                0x000000000000004a       0x2d ./Core/Src/fatfs_sd.o
 .ARM.attributes
                0x0000000000000077       0x2d ./Core/Src/main.o
 .ARM.attributes
                0x00000000000000a4       0x2d ./Core/Src/stm32f1xx_hal_msp.o
 .ARM.attributes
                0x00000000000000d1       0x2d ./Core/Src/stm32f1xx_it.o
 .ARM.attributes
                0x00000000000000fe       0x2d ./Core/Src/system_stm32f1xx.o
 .ARM.attributes
                0x000000000000012b       0x21 ./Core/Startup/startup_stm32f103rbtx.o
 .ARM.attributes
                0x000000000000014c       0x2d ./Drivers/STM32F1xx_HAL_Driver/Src/stm32f1xx_hal.o
 .ARM.attributes
                0x0000000000000179       0x2d ./Drivers/STM32F1xx_HAL_Driver/Src/stm32f1xx_hal_cortex.o
 .ARM.attributes
                0x00000000000001a6       0x2d ./Drivers/STM32F1xx_HAL_Driver/Src/stm32f1xx_hal_gpio.o
 .ARM.attributes
                0x00000000000001d3       0x2d ./Drivers/STM32F1xx_HAL_Driver/Src/stm32f1xx_hal_rcc.o
 .ARM.attributes
                0x0000000000000200       0x2d ./Drivers/STM32F1xx_HAL_Driver/Src/stm32f1xx_hal_spi.o
 .ARM.attributes
                0x000000000000022d       0x2d ./Drivers/STM32F1xx_HAL_Driver/Src/stm32f1xx_hal_uart.o
 .ARM.attributes
                0x000000000000025a       0x2d ./FATFS/App/fatfs.o
 .ARM.attributes
                0x0000000000000287       0x2d ./FATFS/Target/user_diskio.o
 .ARM.attributes
                0x00000000000002b4       0x2d ./Middlewares/Third_Party/FatFs/src/diskio.o
 .ARM.attributes
                0x00000000000002e1       0x2d ./Middlewares/Third_Party/FatFs/src/ff.o
 .ARM.attributes
                0x000000000000030e       0x2d ./Middlewares/Third_Party/FatFs/src/ff_gen_drv.o
 .ARM.attributes
                0x000000000000033b       0x2d ./Middlewares/Third_Party/FatFs/src/option/ccsbcs.o
 .ARM.attributes
                0x0000000000000368       0x2d /tools/stm32cubeide_1.10.1/plugins/com.st.stm32cube.ide.mcu.externaltools.gnu-tools-for-stm32.10.3-2021.10.linux64_1.0.0.202111181127/tools/bin/../lib/gcc/arm-none-eabi/10.3.1/../../../../arm-none-eabi/lib/thumb/v7-m/nofp/libc_nano.a(lib_a-init.o)
 .ARM.attributes
                0x0000000000000395       0x2d /tools/stm32cubeide_1.10.1/plugins/com.st.stm32cube.ide.mcu.externaltools.gnu-tools-for-stm32.10.3-2021.10.linux64_1.0.0.202111181127/tools/bin/../lib/gcc/arm-none-eabi/10.3.1/../../../../arm-none-eabi/lib/thumb/v7-m/nofp/libc_nano.a(lib_a-memset.o)
 .ARM.attributes
                0x00000000000003c2       0x17 /tools/stm32cubeide_1.10.1/plugins/com.st.stm32cube.ide.mcu.externaltools.gnu-tools-for-stm32.10.3-2021.10.linux64_1.0.0.202111181127/tools/bin/../lib/gcc/arm-none-eabi/10.3.1/../../../../arm-none-eabi/lib/thumb/v7-m/nofp/libc_nano.a(lib_a-strlen.o)
 .ARM.attributes
                0x00000000000003d9       0x1d /tools/stm32cubeide_1.10.1/plugins/com.st.stm32cube.ide.mcu.externaltools.gnu-tools-for-stm32.10.3-2021.10.linux64_1.0.0.202111181127/tools/bin/../lib/gcc/arm-none-eabi/10.3.1/thumb/v7-m/nofp/libgcc.a(_arm_muldf3.o)
 .ARM.attributes
                0x00000000000003f6       0x1d /tools/stm32cubeide_1.10.1/plugins/com.st.stm32cube.ide.mcu.externaltools.gnu-tools-for-stm32.10.3-2021.10.linux64_1.0.0.202111181127/tools/bin/../lib/gcc/arm-none-eabi/10.3.1/thumb/v7-m/nofp/libgcc.a(_arm_addsubdf3.o)
 .ARM.attributes
                0x0000000000000413       0x1d /tools/stm32cubeide_1.10.1/plugins/com.st.stm32cube.ide.mcu.externaltools.gnu-tools-for-stm32.10.3-2021.10.linux64_1.0.0.202111181127/tools/bin/../lib/gcc/arm-none-eabi/10.3.1/thumb/v7-m/nofp/libgcc.a(_arm_fixunsdfsi.o)
 .ARM.attributes
                0x0000000000000430       0x1d /tools/stm32cubeide_1.10.1/plugins/com.st.stm32cube.ide.mcu.externaltools.gnu-tools-for-stm32.10.3-2021.10.linux64_1.0.0.202111181127/tools/bin/../lib/gcc/arm-none-eabi/10.3.1/thumb/v7-m/nofp/crtn.o
OUTPUT(NUCLEO-SD.elf elf32-littlearm)
LOAD linker stubs
LOAD /tools/stm32cubeide_1.10.1/plugins/com.st.stm32cube.ide.mcu.externaltools.gnu-tools-for-stm32.10.3-2021.10.linux64_1.0.0.202111181127/tools/bin/../lib/gcc/arm-none-eabi/10.3.1/../../../../arm-none-eabi/lib/thumb/v7-m/nofp/libc.a
LOAD /tools/stm32cubeide_1.10.1/plugins/com.st.stm32cube.ide.mcu.externaltools.gnu-tools-for-stm32.10.3-2021.10.linux64_1.0.0.202111181127/tools/bin/../lib/gcc/arm-none-eabi/10.3.1/../../../../arm-none-eabi/lib/thumb/v7-m/nofp/libm.a
LOAD /tools/stm32cubeide_1.10.1/plugins/com.st.stm32cube.ide.mcu.externaltools.gnu-tools-for-stm32.10.3-2021.10.linux64_1.0.0.202111181127/tools/bin/../lib/gcc/arm-none-eabi/10.3.1/thumb/v7-m/nofp/libgcc.a

.debug_info     0x0000000000000000     0xb547
 .debug_info    0x0000000000000000      0xc3b ./Core/Src/fatfs_sd.o
 .debug_info    0x0000000000000c3b     0x135a ./Core/Src/main.o
 .debug_info    0x0000000000001f95      0xb49 ./Core/Src/stm32f1xx_hal_msp.o
 .debug_info    0x0000000000002ade      0x1c3 ./Core/Src/stm32f1xx_it.o
 .debug_info    0x0000000000002ca1      0x23d ./Core/Src/system_stm32f1xx.o
 .debug_info    0x0000000000002ede       0x22 ./Core/Startup/startup_stm32f103rbtx.o
 .debug_info    0x0000000000002f00      0x734 ./Drivers/STM32F1xx_HAL_Driver/Src/stm32f1xx_hal.o
 .debug_info    0x0000000000003634      0xb20 ./Drivers/STM32F1xx_HAL_Driver/Src/stm32f1xx_hal_cortex.o
 .debug_info    0x0000000000004154      0x615 ./Drivers/STM32F1xx_HAL_Driver/Src/stm32f1xx_hal_gpio.o
 .debug_info    0x0000000000004769      0x860 ./Drivers/STM32F1xx_HAL_Driver/Src/stm32f1xx_hal_rcc.o
 .debug_info    0x0000000000004fc9     0x1658 ./Drivers/STM32F1xx_HAL_Driver/Src/stm32f1xx_hal_spi.o
 .debug_info    0x0000000000006621     0x15d8 ./Drivers/STM32F1xx_HAL_Driver/Src/stm32f1xx_hal_uart.o
 .debug_info    0x0000000000007bf9      0x52d ./FATFS/App/fatfs.o
 .debug_info    0x0000000000008126      0x3d2 ./FATFS/Target/user_diskio.o
 .debug_info    0x00000000000084f8      0x40d ./Middlewares/Third_Party/FatFs/src/diskio.o
 .debug_info    0x0000000000008905     0x2721 ./Middlewares/Third_Party/FatFs/src/ff.o
 .debug_info    0x000000000000b026      0x3a4 ./Middlewares/Third_Party/FatFs/src/ff_gen_drv.o
 .debug_info    0x000000000000b3ca      0x17d ./Middlewares/Third_Party/FatFs/src/option/ccsbcs.o

.debug_abbrev   0x0000000000000000     0x2124
 .debug_abbrev  0x0000000000000000      0x2b1 ./Core/Src/fatfs_sd.o
 .debug_abbrev  0x00000000000002b1      0x321 ./Core/Src/main.o
 .debug_abbrev  0x00000000000005d2      0x194 ./Core/Src/stm32f1xx_hal_msp.o
 .debug_abbrev  0x0000000000000766       0xb9 ./Core/Src/stm32f1xx_it.o
 .debug_abbrev  0x000000000000081f      0x13b ./Core/Src/system_stm32f1xx.o
 .debug_abbrev  0x000000000000095a       0x12 ./Core/Startup/startup_stm32f103rbtx.o
 .debug_abbrev  0x000000000000096c      0x1fb ./Drivers/STM32F1xx_HAL_Driver/Src/stm32f1xx_hal.o
 .debug_abbrev  0x0000000000000b67      0x2ed ./Drivers/STM32F1xx_HAL_Driver/Src/stm32f1xx_hal_cortex.o
 .debug_abbrev  0x0000000000000e54      0x1bb ./Drivers/STM32F1xx_HAL_Driver/Src/stm32f1xx_hal_gpio.o
 .debug_abbrev  0x000000000000100f      0x2a8 ./Drivers/STM32F1xx_HAL_Driver/Src/stm32f1xx_hal_rcc.o
 .debug_abbrev  0x00000000000012b7      0x26e ./Drivers/STM32F1xx_HAL_Driver/Src/stm32f1xx_hal_spi.o
 .debug_abbrev  0x0000000000001525      0x278 ./Drivers/STM32F1xx_HAL_Driver/Src/stm32f1xx_hal_uart.o
 .debug_abbrev  0x000000000000179d      0x19a ./FATFS/App/fatfs.o
 .debug_abbrev  0x0000000000001937      0x13f ./FATFS/Target/user_diskio.o
 .debug_abbrev  0x0000000000001a76      0x178 ./Middlewares/Third_Party/FatFs/src/diskio.o
 .debug_abbrev  0x0000000000001bee      0x2cd ./Middlewares/Third_Party/FatFs/src/ff.o
 .debug_abbrev  0x0000000000001ebb      0x196 ./Middlewares/Third_Party/FatFs/src/ff_gen_drv.o
 .debug_abbrev  0x0000000000002051       0xd3 ./Middlewares/Third_Party/FatFs/src/option/ccsbcs.o

.debug_aranges  0x0000000000000000      0xbb0
 .debug_aranges
                0x0000000000000000       0xa0 ./Core/Src/fatfs_sd.o
 .debug_aranges
                0x00000000000000a0       0x50 ./Core/Src/main.o
 .debug_aranges
                0x00000000000000f0       0x40 ./Core/Src/stm32f1xx_hal_msp.o
 .debug_aranges
                0x0000000000000130       0x70 ./Core/Src/stm32f1xx_it.o
 .debug_aranges
                0x00000000000001a0       0x28 ./Core/Src/system_stm32f1xx.o
 .debug_aranges
                0x00000000000001c8       0x28 ./Core/Startup/startup_stm32f103rbtx.o
 .debug_aranges
                0x00000000000001f0       0xe0 ./Drivers/STM32F1xx_HAL_Driver/Src/stm32f1xx_hal.o
 .debug_aranges
                0x00000000000002d0      0x100 ./Drivers/STM32F1xx_HAL_Driver/Src/stm32f1xx_hal_cortex.o
 .debug_aranges
                0x00000000000003d0       0x58 ./Drivers/STM32F1xx_HAL_Driver/Src/stm32f1xx_hal_gpio.o
 .debug_aranges
                0x0000000000000428       0x90 ./Drivers/STM32F1xx_HAL_Driver/Src/stm32f1xx_hal_rcc.o
 .debug_aranges
                0x00000000000004b8      0x1d0 ./Drivers/STM32F1xx_HAL_Driver/Src/stm32f1xx_hal_spi.o
 .debug_aranges
                0x0000000000000688      0x200 ./Drivers/STM32F1xx_HAL_Driver/Src/stm32f1xx_hal_uart.o
 .debug_aranges
                0x0000000000000888       0x28 ./FATFS/App/fatfs.o
 .debug_aranges
                0x00000000000008b0       0x40 ./FATFS/Target/user_diskio.o
 .debug_aranges
                0x00000000000008f0       0x48 ./Middlewares/Third_Party/FatFs/src/diskio.o
 .debug_aranges
                0x0000000000000938      0x210 ./Middlewares/Third_Party/FatFs/src/ff.o
 .debug_aranges
                0x0000000000000b48       0x40 ./Middlewares/Third_Party/FatFs/src/ff_gen_drv.o
 .debug_aranges
                0x0000000000000b88       0x28 ./Middlewares/Third_Party/FatFs/src/option/ccsbcs.o

.debug_ranges   0x0000000000000000      0xac8
 .debug_ranges  0x0000000000000000       0x90 ./Core/Src/fatfs_sd.o
 .debug_ranges  0x0000000000000090       0x40 ./Core/Src/main.o
 .debug_ranges  0x00000000000000d0       0x30 ./Core/Src/stm32f1xx_hal_msp.o
 .debug_ranges  0x0000000000000100       0x60 ./Core/Src/stm32f1xx_it.o
 .debug_ranges  0x0000000000000160       0x18 ./Core/Src/system_stm32f1xx.o
 .debug_ranges  0x0000000000000178       0x20 ./Core/Startup/startup_stm32f103rbtx.o
 .debug_ranges  0x0000000000000198       0xd0 ./Drivers/STM32F1xx_HAL_Driver/Src/stm32f1xx_hal.o
 .debug_ranges  0x0000000000000268       0xf0 ./Drivers/STM32F1xx_HAL_Driver/Src/stm32f1xx_hal_cortex.o
 .debug_ranges  0x0000000000000358       0x48 ./Drivers/STM32F1xx_HAL_Driver/Src/stm32f1xx_hal_gpio.o
 .debug_ranges  0x00000000000003a0       0x80 ./Drivers/STM32F1xx_HAL_Driver/Src/stm32f1xx_hal_rcc.o
 .debug_ranges  0x0000000000000420      0x1c0 ./Drivers/STM32F1xx_HAL_Driver/Src/stm32f1xx_hal_spi.o
 .debug_ranges  0x00000000000005e0      0x220 ./Drivers/STM32F1xx_HAL_Driver/Src/stm32f1xx_hal_uart.o
 .debug_ranges  0x0000000000000800       0x18 ./FATFS/App/fatfs.o
 .debug_ranges  0x0000000000000818       0x30 ./FATFS/Target/user_diskio.o
 .debug_ranges  0x0000000000000848       0x38 ./Middlewares/Third_Party/FatFs/src/diskio.o
 .debug_ranges  0x0000000000000880      0x200 ./Middlewares/Third_Party/FatFs/src/ff.o
 .debug_ranges  0x0000000000000a80       0x30 ./Middlewares/Third_Party/FatFs/src/ff_gen_drv.o
 .debug_ranges  0x0000000000000ab0       0x18 ./Middlewares/Third_Party/FatFs/src/option/ccsbcs.o

.debug_macro    0x0000000000000000    0x17f16
 .debug_macro   0x0000000000000000      0x1d7 ./Core/Src/fatfs_sd.o
 .debug_macro   0x00000000000001d7      0xa6c ./Core/Src/fatfs_sd.o
 .debug_macro   0x0000000000000c43      0x21b ./Core/Src/fatfs_sd.o
 .debug_macro   0x0000000000000e5e       0x2e ./Core/Src/fatfs_sd.o
 .debug_macro   0x0000000000000e8c       0x22 ./Core/Src/fatfs_sd.o
 .debug_macro   0x0000000000000eae       0x22 ./Core/Src/fatfs_sd.o
 .debug_macro   0x0000000000000ed0       0x8e ./Core/Src/fatfs_sd.o
 .debug_macro   0x0000000000000f5e       0x51 ./Core/Src/fatfs_sd.o
 .debug_macro   0x0000000000000faf      0x103 ./Core/Src/fatfs_sd.o
 .debug_macro   0x00000000000010b2       0x6a ./Core/Src/fatfs_sd.o
 .debug_macro   0x000000000000111c      0x1df ./Core/Src/fatfs_sd.o
 .debug_macro   0x00000000000012fb       0x1c ./Core/Src/fatfs_sd.o
 .debug_macro   0x0000000000001317       0x22 ./Core/Src/fatfs_sd.o
 .debug_macro   0x0000000000001339       0xbd ./Core/Src/fatfs_sd.o
 .debug_macro   0x00000000000013f6      0xd23 ./Core/Src/fatfs_sd.o
 .debug_macro   0x0000000000002119     0xe09e ./Core/Src/fatfs_sd.o
 .debug_macro   0x00000000000101b7       0x6d ./Core/Src/fatfs_sd.o
 .debug_macro   0x0000000000010224     0x3468 ./Core/Src/fatfs_sd.o
 .debug_macro   0x000000000001368c      0x174 ./Core/Src/fatfs_sd.o
 .debug_macro   0x0000000000013800       0x5c ./Core/Src/fatfs_sd.o
 .debug_macro   0x000000000001385c      0x5be ./Core/Src/fatfs_sd.o
 .debug_macro   0x0000000000013e1a      0x289 ./Core/Src/fatfs_sd.o
 .debug_macro   0x00000000000140a3      0x1cb ./Core/Src/fatfs_sd.o
 .debug_macro   0x000000000001426e      0x114 ./Core/Src/fatfs_sd.o
 .debug_macro   0x0000000000014382      0x1b2 ./Core/Src/fatfs_sd.o
 .debug_macro   0x0000000000014534       0x27 ./Core/Src/fatfs_sd.o
 .debug_macro   0x000000000001455b      0x136 ./Core/Src/fatfs_sd.o
 .debug_macro   0x0000000000014691      0x1bc ./Core/Src/fatfs_sd.o
 .debug_macro   0x000000000001484d       0x34 ./Core/Src/fatfs_sd.o
 .debug_macro   0x0000000000014881       0x3c ./Core/Src/fatfs_sd.o
 .debug_macro   0x00000000000148bd       0x57 ./Core/Src/fatfs_sd.o
 .debug_macro   0x0000000000014914       0x88 ./Core/Src/fatfs_sd.o
 .debug_macro   0x000000000001499c      0x241 ./Core/Src/fatfs_sd.o
 .debug_macro   0x0000000000014bdd      0x141 ./Core/Src/fatfs_sd.o
 .debug_macro   0x0000000000014d1e      0x217 ./Core/Src/fatfs_sd.o
 .debug_macro   0x0000000000014f35      0x279 ./Core/Src/fatfs_sd.o
 .debug_macro   0x00000000000151ae       0x83 ./Core/Src/fatfs_sd.o
 .debug_macro   0x0000000000015231       0x16 ./Core/Src/fatfs_sd.o
 .debug_macro   0x0000000000015247       0x7c ./Core/Src/fatfs_sd.o
 .debug_macro   0x00000000000152c3       0x6a ./Core/Src/fatfs_sd.o
 .debug_macro   0x000000000001532d      0x2cb ./Core/Src/main.o
 .debug_macro   0x00000000000155f8       0x5e ./Core/Src/main.o
 .debug_macro   0x0000000000015656       0xde ./Core/Src/main.o
 .debug_macro   0x0000000000015734       0xf5 ./Core/Src/main.o
 .debug_macro   0x0000000000015829       0x8e ./Core/Src/main.o
 .debug_macro   0x00000000000158b7       0x52 ./Core/Src/main.o
 .debug_macro   0x0000000000015909       0x18 ./Core/Src/main.o
 .debug_macro   0x0000000000015921       0x3c ./Core/Src/main.o
 .debug_macro   0x000000000001595d       0x34 ./Core/Src/main.o
 .debug_macro   0x0000000000015991       0x16 ./Core/Src/main.o
 .debug_macro   0x00000000000159a7       0x43 ./Core/Src/main.o
 .debug_macro   0x00000000000159ea       0x34 ./Core/Src/main.o
 .debug_macro   0x0000000000015a1e       0x10 ./Core/Src/main.o
 .debug_macro   0x0000000000015a2e       0x58 ./Core/Src/main.o
 .debug_macro   0x0000000000015a86       0x71 ./Core/Src/main.o
 .debug_macro   0x0000000000015af7       0x1c ./Core/Src/main.o
 .debug_macro   0x0000000000015b13      0x12a ./Core/Src/main.o
 .debug_macro   0x0000000000015c3d      0x341 ./Core/Src/main.o
 .debug_macro   0x0000000000015f7e       0x10 ./Core/Src/main.o
 .debug_macro   0x0000000000015f8e       0x35 ./Core/Src/main.o
 .debug_macro   0x0000000000015fc3       0x20 ./Core/Src/main.o
 .debug_macro   0x0000000000015fe3      0x1a7 ./Core/Src/stm32f1xx_hal_msp.o
 .debug_macro   0x000000000001618a      0x1b1 ./Core/Src/stm32f1xx_it.o
 .debug_macro   0x000000000001633b      0x198 ./Core/Src/system_stm32f1xx.o
 .debug_macro   0x00000000000164d3      0x1bc ./Drivers/STM32F1xx_HAL_Driver/Src/stm32f1xx_hal.o
 .debug_macro   0x000000000001668f      0x198 ./Drivers/STM32F1xx_HAL_Driver/Src/stm32f1xx_hal_cortex.o
 .debug_macro   0x0000000000016827      0x203 ./Drivers/STM32F1xx_HAL_Driver/Src/stm32f1xx_hal_gpio.o
 .debug_macro   0x0000000000016a2a      0x1aa ./Drivers/STM32F1xx_HAL_Driver/Src/stm32f1xx_hal_rcc.o
 .debug_macro   0x0000000000016bd4      0x1a0 ./Drivers/STM32F1xx_HAL_Driver/Src/stm32f1xx_hal_spi.o
 .debug_macro   0x0000000000016d74      0x199 ./Drivers/STM32F1xx_HAL_Driver/Src/stm32f1xx_hal_uart.o
 .debug_macro   0x0000000000016f0d      0x1fa ./FATFS/App/fatfs.o
 .debug_macro   0x0000000000017107       0xd8 ./FATFS/App/fatfs.o
 .debug_macro   0x00000000000171df      0x2b8 ./FATFS/Target/user_diskio.o
 .debug_macro   0x0000000000017497       0x56 ./FATFS/Target/user_diskio.o
 .debug_macro   0x00000000000174ed      0x1e7 ./Middlewares/Third_Party/FatFs/src/diskio.o
 .debug_macro   0x00000000000176d4      0x42e ./Middlewares/Third_Party/FatFs/src/ff.o
 .debug_macro   0x0000000000017b02       0x58 ./Middlewares/Third_Party/FatFs/src/ff.o
 .debug_macro   0x0000000000017b5a      0x1e7 ./Middlewares/Third_Party/FatFs/src/ff_gen_drv.o
 .debug_macro   0x0000000000017d41      0x1d5 ./Middlewares/Third_Party/FatFs/src/option/ccsbcs.o

.debug_line     0x0000000000000000     0xe6c5
 .debug_line    0x0000000000000000      0xce9 ./Core/Src/fatfs_sd.o
 .debug_line    0x0000000000000ce9      0x9cc ./Core/Src/main.o
 .debug_line    0x00000000000016b5      0x6cc ./Core/Src/stm32f1xx_hal_msp.o
 .debug_line    0x0000000000001d81      0x733 ./Core/Src/stm32f1xx_it.o
 .debug_line    0x00000000000024b4      0x6ae ./Core/Src/system_stm32f1xx.o
 .debug_line    0x0000000000002b62       0x87 ./Core/Startup/startup_stm32f103rbtx.o
 .debug_line    0x0000000000002be9      0x8db ./Drivers/STM32F1xx_HAL_Driver/Src/stm32f1xx_hal.o
 .debug_line    0x00000000000034c4      0xac3 ./Drivers/STM32F1xx_HAL_Driver/Src/stm32f1xx_hal_cortex.o
 .debug_line    0x0000000000003f87      0x972 ./Drivers/STM32F1xx_HAL_Driver/Src/stm32f1xx_hal_gpio.o
 .debug_line    0x00000000000048f9      0xce9 ./Drivers/STM32F1xx_HAL_Driver/Src/stm32f1xx_hal_rcc.o
 .debug_line    0x00000000000055e2     0x1b60 ./Drivers/STM32F1xx_HAL_Driver/Src/stm32f1xx_hal_spi.o
 .debug_line    0x0000000000007142     0x19b6 ./Drivers/STM32F1xx_HAL_Driver/Src/stm32f1xx_hal_uart.o
 .debug_line    0x0000000000008af8      0x6cb ./FATFS/App/fatfs.o
 .debug_line    0x00000000000091c3      0x850 ./FATFS/Target/user_diskio.o
 .debug_line    0x0000000000009a13      0x73c ./Middlewares/Third_Party/FatFs/src/diskio.o
 .debug_line    0x000000000000a14f     0x36e0 ./Middlewares/Third_Party/FatFs/src/ff.o
 .debug_line    0x000000000000d82f      0x759 ./Middlewares/Third_Party/FatFs/src/ff_gen_drv.o
 .debug_line    0x000000000000df88      0x73d ./Middlewares/Third_Party/FatFs/src/option/ccsbcs.o

.debug_str      0x0000000000000000    0x844a8
 .debug_str     0x0000000000000000    0x7df38 ./Core/Src/fatfs_sd.o
                                      0x7e2f2 (size before relaxing)
 .debug_str     0x000000000007df38     0x3e25 ./Core/Src/main.o
                                      0x81fc4 (size before relaxing)
 .debug_str     0x0000000000081d5d       0xbb ./Core/Src/stm32f1xx_hal_msp.o
                                      0x7e1e0 (size before relaxing)
 .debug_str     0x0000000000081e18      0x110 ./Core/Src/stm32f1xx_it.o
                                      0x7dc68 (size before relaxing)
 .debug_str     0x0000000000081f28       0x7e ./Core/Src/system_stm32f1xx.o
                                      0x7dabd (size before relaxing)
 .debug_str     0x0000000000081fa6       0x36 ./Core/Startup/startup_stm32f103rbtx.o
                                         0x6f (size before relaxing)
 .debug_str     0x0000000000081fdc      0x37a ./Drivers/STM32F1xx_HAL_Driver/Src/stm32f1xx_hal.o
                                      0x7e1f0 (size before relaxing)
 .debug_str     0x0000000000082356      0x2a8 ./Drivers/STM32F1xx_HAL_Driver/Src/stm32f1xx_hal_cortex.o
                                      0x7e13c (size before relaxing)
 .debug_str     0x00000000000825fe      0x2cd ./Drivers/STM32F1xx_HAL_Driver/Src/stm32f1xx_hal_gpio.o
                                      0x7de43 (size before relaxing)
 .debug_str     0x00000000000828cb      0x229 ./Drivers/STM32F1xx_HAL_Driver/Src/stm32f1xx_hal_rcc.o
                                      0x7deec (size before relaxing)
 .debug_str     0x0000000000082af4      0x532 ./Drivers/STM32F1xx_HAL_Driver/Src/stm32f1xx_hal_spi.o
                                      0x7e3e9 (size before relaxing)
 .debug_str     0x0000000000083026      0x5d5 ./Drivers/STM32F1xx_HAL_Driver/Src/stm32f1xx_hal_uart.o
                                      0x7e4f7 (size before relaxing)
 .debug_str     0x00000000000835fb       0x74 ./FATFS/App/fatfs.o
                                      0x7e496 (size before relaxing)
 .debug_str     0x000000000008366f       0x5a ./FATFS/Target/user_diskio.o
                                      0x8131d (size before relaxing)
 .debug_str     0x00000000000836c9       0x52 ./Middlewares/Third_Party/FatFs/src/diskio.o
                                      0x7e3bc (size before relaxing)
 .debug_str     0x000000000008371b      0xca9 ./Middlewares/Third_Party/FatFs/src/ff.o
                                      0x7f27a (size before relaxing)
 .debug_str     0x00000000000843c4       0x91 ./Middlewares/Third_Party/FatFs/src/ff_gen_drv.o
                                      0x7e40d (size before relaxing)
 .debug_str     0x0000000000084455       0x53 ./Middlewares/Third_Party/FatFs/src/option/ccsbcs.o
                                      0x7e19b (size before relaxing)

.comment        0x0000000000000000       0x50
 .comment       0x0000000000000000       0x50 ./Core/Src/fatfs_sd.o
                                         0x51 (size before relaxing)
 .comment       0x0000000000000050       0x51 ./Core/Src/main.o
 .comment       0x0000000000000050       0x51 ./Core/Src/stm32f1xx_hal_msp.o
 .comment       0x0000000000000050       0x51 ./Core/Src/stm32f1xx_it.o
 .comment       0x0000000000000050       0x51 ./Core/Src/system_stm32f1xx.o
 .comment       0x0000000000000050       0x51 ./Drivers/STM32F1xx_HAL_Driver/Src/stm32f1xx_hal.o
 .comment       0x0000000000000050       0x51 ./Drivers/STM32F1xx_HAL_Driver/Src/stm32f1xx_hal_cortex.o
 .comment       0x0000000000000050       0x51 ./Drivers/STM32F1xx_HAL_Driver/Src/stm32f1xx_hal_gpio.o
 .comment       0x0000000000000050       0x51 ./Drivers/STM32F1xx_HAL_Driver/Src/stm32f1xx_hal_rcc.o
 .comment       0x0000000000000050       0x51 ./Drivers/STM32F1xx_HAL_Driver/Src/stm32f1xx_hal_spi.o
 .comment       0x0000000000000050       0x51 ./Drivers/STM32F1xx_HAL_Driver/Src/stm32f1xx_hal_uart.o
 .comment       0x0000000000000050       0x51 ./FATFS/App/fatfs.o
 .comment       0x0000000000000050       0x51 ./FATFS/Target/user_diskio.o
 .comment       0x0000000000000050       0x51 ./Middlewares/Third_Party/FatFs/src/diskio.o
 .comment       0x0000000000000050       0x51 ./Middlewares/Third_Party/FatFs/src/ff.o
 .comment       0x0000000000000050       0x51 ./Middlewares/Third_Party/FatFs/src/ff_gen_drv.o
 .comment       0x0000000000000050       0x51 ./Middlewares/Third_Party/FatFs/src/option/ccsbcs.o

.debug_frame    0x0000000000000000     0x2fc8
 .debug_frame   0x0000000000000000      0x268 ./Core/Src/fatfs_sd.o
 .debug_frame   0x0000000000000268       0xe8 ./Core/Src/main.o
 .debug_frame   0x0000000000000350       0xc8 ./Core/Src/stm32f1xx_hal_msp.o
 .debug_frame   0x0000000000000418      0x140 ./Core/Src/stm32f1xx_it.o
 .debug_frame   0x0000000000000558       0x58 ./Core/Src/system_stm32f1xx.o
 .debug_frame   0x00000000000005b0      0x334 ./Drivers/STM32F1xx_HAL_Driver/Src/stm32f1xx_hal.o
 .debug_frame   0x00000000000008e4      0x428 ./Drivers/STM32F1xx_HAL_Driver/Src/stm32f1xx_hal_cortex.o
 .debug_frame   0x0000000000000d0c      0x14c ./Drivers/STM32F1xx_HAL_Driver/Src/stm32f1xx_hal_gpio.o
 .debug_frame   0x0000000000000e58      0x21c ./Drivers/STM32F1xx_HAL_Driver/Src/stm32f1xx_hal_rcc.o
 .debug_frame   0x0000000000001074      0x824 ./Drivers/STM32F1xx_HAL_Driver/Src/stm32f1xx_hal_spi.o
 .debug_frame   0x0000000000001898      0x914 ./Drivers/STM32F1xx_HAL_Driver/Src/stm32f1xx_hal_uart.o
 .debug_frame   0x00000000000021ac       0x4c ./FATFS/App/fatfs.o
 .debug_frame   0x00000000000021f8       0xc4 ./FATFS/Target/user_diskio.o
 .debug_frame   0x00000000000022bc       0xec ./Middlewares/Third_Party/FatFs/src/diskio.o
 .debug_frame   0x00000000000023a8      0x9ac ./Middlewares/Third_Party/FatFs/src/ff.o
 .debug_frame   0x0000000000002d54       0xc8 ./Middlewares/Third_Party/FatFs/src/ff_gen_drv.o
 .debug_frame   0x0000000000002e1c       0x60 ./Middlewares/Third_Party/FatFs/src/option/ccsbcs.o
 .debug_frame   0x0000000000002e7c       0x2c /tools/stm32cubeide_1.10.1/plugins/com.st.stm32cube.ide.mcu.externaltools.gnu-tools-for-stm32.10.3-2021.10.linux64_1.0.0.202111181127/tools/bin/../lib/gcc/arm-none-eabi/10.3.1/../../../../arm-none-eabi/lib/thumb/v7-m/nofp/libc_nano.a(lib_a-init.o)
 .debug_frame   0x0000000000002ea8       0x20 /tools/stm32cubeide_1.10.1/plugins/com.st.stm32cube.ide.mcu.externaltools.gnu-tools-for-stm32.10.3-2021.10.linux64_1.0.0.202111181127/tools/bin/../lib/gcc/arm-none-eabi/10.3.1/../../../../arm-none-eabi/lib/thumb/v7-m/nofp/libc_nano.a(lib_a-memset.o)
 .debug_frame   0x0000000000002ec8       0x30 /tools/stm32cubeide_1.10.1/plugins/com.st.stm32cube.ide.mcu.externaltools.gnu-tools-for-stm32.10.3-2021.10.linux64_1.0.0.202111181127/tools/bin/../lib/gcc/arm-none-eabi/10.3.1/thumb/v7-m/nofp/libgcc.a(_arm_muldf3.o)
 .debug_frame   0x0000000000002ef8       0xac /tools/stm32cubeide_1.10.1/plugins/com.st.stm32cube.ide.mcu.externaltools.gnu-tools-for-stm32.10.3-2021.10.linux64_1.0.0.202111181127/tools/bin/../lib/gcc/arm-none-eabi/10.3.1/thumb/v7-m/nofp/libgcc.a(_arm_addsubdf3.o)
 .debug_frame   0x0000000000002fa4       0x24 /tools/stm32cubeide_1.10.1/plugins/com.st.stm32cube.ide.mcu.externaltools.gnu-tools-for-stm32.10.3-2021.10.linux64_1.0.0.202111181127/tools/bin/../lib/gcc/arm-none-eabi/10.3.1/thumb/v7-m/nofp/libgcc.a(_arm_fixunsdfsi.o)
